{
  "name": "FLE2FindRangePayloadV2",
  "dump": {
    "payload": {
      "g": [
        {
          "d": {
            "$binary": {
              "base64": "EH5NjAORbPyi5WXhDiggESVAqAYQOoyM89K/5NlLxgA=",
              "subType": "00"
            }
          },
          "s": {
            "$binary": {
              "base64": "DC33fGVvcVYC/I6h9PsMHYQ/yrZ2+X4YdmTNIgFZkt0=",
              "subType": "00"
            }
          },
          "l": {
            "$binary": {
              "base64": "YtpOd8Bd7k/b0zH8fsxlfmB/SwY0mcOqYsn4JIIuDQw=",
              "subType": "00"
            }
          }
        },
        {
          "d": {
            "$binary": {
              "base64": "ffWVv+ysFys5eTN10LACdyWxHn/dCKMRWAQKzYmM5YE=",
              "subType": "00"
            }
          },
          "s": {
            "$binary": {
              "base64": "YO/qaw0+92HAryxOUG7iK6hnIy3OaUA9jIqtHdvcq8Y=",
              "subType": "00"
            }
          },
          "l": {
            "$binary": {
              "base64": "etRiPwDSFWBzpWSWkOKWM6fKStRJ8SyObnpc79ux8p0=",
              "subType": "00"
            }
          }
        },
        {
          "d": {
            "$binary": {
              "base64": "8Ci9z02yMVsDNyHvLStLAHR25LO22UO5P/gbUG/IStQ=",
              "subType": "00"
            }
          },
          "s": {
            "$binary": {
              "base64": "518WFoVWrUk+vd0h4ubURgpaBx5nuFnkUlPm7+Uv8j4=",
              "subType": "00"
            }
          },
          "l": {
            "$binary": {
              "base64": "6lMlNYUhQywpqrM9nYT4Xn8wkoVFf2dsfuD/cXBsPK8=",
              "subType": "00"
            }
          }
        },
        {
          "d": {
            "$binary": {
              "base64": "94NmrQlmFTl1tGGwm7yLbq6jSALMttdG5C/SpqlTJQA=",
              "subType": "00"
            }
          },
          "s": {
            "$binary": {
              "base64": "VGEb7L0QCjV/PBTAvUyhlddo467ToKjlMdwI9hsjuE4=",
              "subType": "00"
            }
          },
          "l": {
            "$binary": {
              "base64": "l7RsOFQfWxmV2cMZafTExrUJC43pyC/+L/peqek9Lf0=",
              "subType": "00"
            }
          }
        },
        {
          "d": {
            "$binary": {
              "base64": "1A4pQT0U6YKgy9rYhiDjktlclfRwylRHU68jAWaMsNg=",
              "subType": "00"
            }
          },
          "s": {
            "$binary": {
              "base64": "enciCpEPOpf/I/M3lnA2HlRkWCndFEs+k6Ny2zgQCrA=",
              "subType": "00"
            }
          },
          "l": {
            "$binary": {
              "base64": "ELK0ExI0g4/WxNs+mf+Ua+mie3MuMO3daPGukA23VUY=",
              "subType": "00"
            }
          }
        },
        {
          "d": {
            "$binary": {
              "base64": "RQp+fGA08v1bhcnYbfsP0ubXl9yg18QmYMfh2sd8EdE=",
              "subType": "00"
            }
          },
          "s": {
            "$binary": {
              "base64": "GF7v3ATOcTb3y23TbHJEXtuTtrY0f2TBWDVM9jn+VPU=",
              "subType": "00"
            }
          },
          "l": {
            "$binary": {
              "base64": "A4hleX/0UT5MKUq2TBhzQUmq5sMqlfkmFyO90Fvz5p8=",
              "subType": "00"
            }
          }
        },
        {
          "d": {
            "$binary": {
              "base64": "Z1twqZkhU4JTzSmByR4SRwv73eQTFkKc7SF0AS9LAp4=",
              "subType": "00"
            }
          },
          "s": {
            "$binary": {
              "base64": "C21qRBu2Px7VUz1lW95Dfn/0tw2yq9AVBtka34HijLg=",
              "subType": "00"
            }
          },
          "l": {
            "$binary": {
              "base64": "/xLWzk4DlwlPogukD3gtqe4uxKX0GxEJYcG258VMxWs=",
              "subType": "00"
            }
          }
        },
        {
          "d": {
            "$binary": {
              "base64": "lEha7oMjYtH7Y+LT05oFkSZLYUifIGcaz3B/0l/bCIg=",
              "subType": "00"
            }
          },
          "s": {
            "$binary": {
              "base64": "aA6is49dasjn15eHXH5Jhh6mcV8gLJxpYAPcLCUVllE=",
              "subType": "00"
            }
          },
          "l": {
            "$binary": {
              "base64": "IsDousyo/D8e4BCwUqvFhrKtOnpcGCSqpN94oFtWaC0=",
              "subType": "00"
            }
          }
        },
        {
          "d": {
            "$binary": {
              "base64": "TSHu991yIUF6oiTU3XhlfD+PMVPRst9dw3KI9GyDhbg=",
              "subType": "00"
            }
          },
          "s": {
            "$binary": {
              "base64": "dCm75t1SwaYbXfPzqYDbibSWiSS4RwQimSSXivhnLYQ=",
              "subType": "00"
            }
          },
          "l": {
            "$binary": {
              "base64": "KfjHp8xww1JDjzyjTnfamOvjFDc1Z3Hp/v/ZuQnFOOE=",
              "subType": "00"
            }
          }
        },
        {
          "d": {
            "$binary": {
              "base64": "Iv36tBHLLAhdrk+vuDZKcHSzQSMhy3s9C3OMSQDr1pw=",
              "subType": "00"
            }
          },
          "s": {
            "$binary": {
              "base64": "8+eIpggm7v6kJGD/cFtn+aR6AUvhMgnvsbg8AtFE4mI=",
              "subType": "00"
            }
          },
          "l": {
            "$binary": {
              "base64": "Kv602j4c3Bpn2t10qGl68eAD/fQsIH5lKMj8ANwrf7o=",
              "subType": "00"
            }
          }
        },
        {
          "d": {
            "$binary": {
              "base64": "pMrQ0uFD/5j8czGNHAGVelckCECYKhZ/V9F5N6A+dWk=",
              "subType": "00"
            }
          },
          "s": {
            "$binary": {
              "base64": "+wJVvj+BX0EuK/HexBLz1RD9XYkm61QwaoPGbzZdV0Q=",
              "subType": "00"
            }
          },
          "l": {
            "$binary": {
              "base64": "TTSEkff+/JMBjNwUciY2RQ6M66uMQMAtwU+UidDv1y4=",
              "subType": "00"
            }
          }
        },
        {
          "d": {
            "$binary": {
              "base64": "YxuA/GLZa7UCWqgMpODIGcJmWcKMebadrFFyLOQhtgk=",
              "subType": "00"
            }
          },
          "s": {
            "$binary": {
              "base64": "zL0jN1Wc1ckRQn1L3C1wF0BUSMZYZtLdHVLJ2kWRuIY=",
              "subType": "00"
            }
          },
          "l": {
            "$binary": {
              "base64": "I7uGriMAQc4A/a70Yi1Y7IAC7o/mfNYf7/FvwELYf80=",
              "subType": "00"
            }
          }
        },
        {
          "d": {
            "$binary": {
              "base64": "+dnVt2atxfR+xLGWK5Kq8NtGrAiJWDS1inQ9WJFfSc4=",
              "subType": "00"
            }
          },
          "s": {
            "$binary": {
              "base64": "KgXWRoPTu+Jp8MkBfpSC7csx3SzhKw4z0n/bDPBKgro=",
              "subType": "00"
            }
          },
          "l": {
            "$binary": {
              "base64": "whuDsz+fCtqY8mW8QvEVQERjDChwrYTw4y7dinlCCOM=",
              "subType": "00"
            }
          }
        },
        {
          "d": {
            "$binary": {
              "base64": "njQOZvkFRPUCVaN9cHjechsmAOf2sGD0UB5hHzRYrS8=",
              "subType": "00"
            }
          },
          "s": {
            "$binary": {
              "base64": "DD6izA3TZpyswNx6uPfzZCX7Pv3I58o0gG5ojhVBORY=",
              "subType": "00"
            }
          },
          "l": {
            "$binary": {
              "base64": "xbi7ql49Y4pduqWlLJqpwimRzrEnC7w5fWaMBiinHL8=",
              "subType": "00"
            }
          }
        },
        {
          "d": {
            "$binary": {
              "base64": "Z6WeGpYzaBRXLg/lAT/Zl93uz0G6A+oH+1ydKwWDlfQ=",
              "subType": "00"
            }
          },
          "s": {
            "$binary": {
              "base64": "FlIYn9xvjTL2d2DyweTjLiIXzxLulPCkfYE7yRc+biM=",
              "subType": "00"
            }
          },
          "l": {
            "$binary": {
              "base64": "DEs8/aVSj2sJjxjv1K7o/aH8vZzt1bga73YiIKUx5DY=",
              "subType": "00"
            }
          }
        },
        {
          "d": {
            "$binary": {
              "base64": "PXFfbALJ/VorUyhecEA99Yt4HGwkjaLTq1Zu6JgqASU=",
              "subType": "00"
            }
          },
          "s": {
            "$binary": {
              "base64": "ltTVuEYm72NCUVMz7wpip1WxMvACEu9H5rGNPFoCThI=",
              "subType": "00"
            }
          },
          "l": {
            "$binary": {
              "base64": "Qq9eIVoLcd4WxXUC3vub+EnxmcI2uP/yUWr3cz0jv9E=",
              "subType": "00"
            }
          }
        },
        {
          "d": {
            "$binary": {
              "base64": "fBTUth4mZNyHrjSxO7dVFFF1CDhhntL0hF9VdYcRZTw=",
              "subType": "00"
            }
          },
          "s": {
            "$binary": {
              "base64": "qM1ig9mJam0IgVVcCSqbXwFTPkdhTyT7V5MVRQIRzV0=",
              "subType": "00"
            }
          },
          "l": {
            "$binary": {
              "base64": "n7LS0QzTv9sOJzxH0ZqxsLYBYoArEo/PIXkU/zTnpM0=",
              "subType": "00"
            }
          }
        },
        {
          "d": {
            "$binary": {
              "base64": "cppOgCwgumYnIITTYjWLCYX8WJupo5vhvme167A5rJ8=",
              "subType": "00"
            }
          },
          "s": {
            "$binary": {
              "base64": "T8WI0iuQyoLHVGa2foTOopHozwlCukamtJXqDeyjjNE=",
              "subType": "00"
            }
          },
          "l": {
            "$binary": {
              "base64": "H9rPq5vvOIe9nTAcM1W1dVhQZ+gSkBohgoWLPcZnQXc=",
              "subType": "00"
            }
          }
        },
        {
          "d": {
            "$binary": {
              "base64": "1MaIeolWrbyfuYxmwkPqAfFVCnUDrPzCBlVb7FX+WGY=",
              "subType": "00"
            }
          },
          "s": {
            "$binary": {
              "base64": "QkeAX3TVcu1hPiMkN9dr2LiFtGhnF8a9iCPzGzc/GXQ=",
              "subType": "00"
            }
          },
          "l": {
            "$binary": {
              "base64": "ng0GYpYJTypRLQUd5tIXWaAjZX5na04T/BypmwwrXPo=",
              "subType": "00"
            }
          }
        },
        {
          "d": {
            "$binary": {
              "base64": "Gii6bOMSqn0e+936yfUvzY0jaJQZGXSddA0lMczujJU=",
              "subType": "00"
            }
          },
          "s": {
            "$binary": {
              "base64": "4I8+S9rq7CuAvqV17CelxwAYcmpZY/bP70lIMV744os=",
              "subType": "00"
            }
          },
          "l": {
            "$binary": {
              "base64": "PjlAM0tbO6EUmLAeIZt57YMkMsuQfuC3T3d9vtnxgjw=",
              "subType": "00"
            }
          }
        },
        {
          "d": {
            "$binary": {
              "base64": "wDiOYTxTa4aRhR4qhhKVvba1+tGrZWWFXUmrWSfiFX0=",
              "subType": "00"
            }
          },
          "s": {
            "$binary": {
              "base64": "xuHy3iVHCDT0m9aTHwAEiZLmLIEv+fRKv+dZhE/2O0U=",
              "subType": "00"
            }
          },
          "l": {
            "$binary": {
              "base64": "mwwcWOnzvpxm4pROXOL+BlxjEG/7v7hIautb2ubFT44=",
              "subType": "00"
            }
          }
        },
        {
          "d": {
            "$binary": {
              "base64": "rz8TdUfMczoqOnf0aMXL5yLUiJQbmjGHRbp6VX6iJfY=",
              "subType": "00"
            }
          },
          "s": {
            "$binary": {
              "base64": "OPxeEPeMcW9k72XDHI4vw1Uxa2ZR/AS/x8w/OkUZqjQ=",
              "subType": "00"
            }
          },
          "l": {
            "$binary": {
              "base64": "if3HPf6B1dTX/W+Vlp6ohadEQk/GAmHYzXfJia2zHeI=",
              "subType": "00"
            }
          }
        },
        {
          "d": {
            "$binary": {
              "base64": "ZRf220s3VwKs6OXOyX8TqMTNCi200PDxmj3ids7XXfc=",
              "subType": "00"
            }
          },
          "s": {
            "$binary": {
              "base64": "O7lbYRb1x/qWwa4EJp5D3KYhxRFQgItFgO7ALfbZbd4=",
              "subType": "00"
            }
          },
          "l": {
            "$binary": {
              "base64": "znaMStSbtGXU1Pb5z9KDTvEd79s6gmWYCKOKdzeijpE=",
              "subType": "00"
            }
          }
        },
        {
          "d": {
            "$binary": {
              "base64": "qdP+qDw3zlD0RC+kfsUGpSijEcWCsiOouUgOF69rZBI=",
              "subType": "00"
            }
          },
          "s": {
            "$binary": {
              "base64": "RgCpBTCqEiK7wpVhe34paGDOnyPcUqjiVTUt3b+JcWM=",
              "subType": "00"
            }
          },
          "l": {
            "$binary": {
              "base64": "gITE31hQA4ZOxpUFYSYv0mzWbd/6RKgbUXiUY96fBQE=",
              "subType": "00"
            }
          }
        },
        {
          "d": {
            "$binary": {
              "base64": "dENENPaEmsnxf3MH0QtPbyrxmx+Riv3ZyFplhqSIuWo=",
              "subType": "00"
            }
          },
          "s": {
            "$binary": {
              "base64": "E9C3uuzm5XQ7Wv0G9e3WH3bJT7CU3xo921gIAtCSIp4=",
              "subType": "00"
            }
          },
          "l": {
            "$binary": {
              "base64": "MGDrqys8iJ3fCT2Cj+zXIuXtsf4OAXWJl5HoPUMlbNo=",
              "subType": "00"
            }
          }
        },
        {
          "d": {
            "$binary": {
              "base64": "44lxSNg4TQqpxhLXJnfrfOCVBd+vddIP5Hl9YtKK8Og=",
              "subType": "00"
            }
          },
          "s": {
            "$binary": {
              "base64": "Y3i3vrYN+5TWvg3VcbZQrWO+7VfT6nyeV+FxCq38LtA=",
              "subType": "00"
            }
          },
          "l": {
            "$binary": {
              "base64": "lbpHiQAPLLTvSF+u58RBCLnYQKB5wciIQmANV9bkzso=",
              "subType": "00"
            }
          }
        },
        {
          "d": {
            "$binary": {
              "base64": "zBY45pYMNhS6x0DWfKhoQHcLj/0ZGkU0ZqCz3kN2ngs=",
              "subType": "00"
            }
          },
          "s": {
            "$binary": {
              "base64": "i67EFxliteX1uJjxFFyf/dG8td2hvu9u6liXqfECf1o=",
              "subType": "00"
            }
          },
          "l": {
            "$binary": {
              "base64": "uThwsAsKUB56QAXC0MjJsZ9736atbiHPlK2tE0urf9Q=",
              "subType": "00"
            }
          }
        },
        {
          "d": {
            "$binary": {
              "base64": "E9FcErTPxQA1y8wNae0GM33IXuIYw8tuFtoqu8fBymU=",
              "subType": "00"
            }
          },
          "s": {
            "$binary": {
              "base64": "mZalrGDyG/snZh9NwcQ906khrEjaCOxFQstFYFtE6WI=",
              "subType": "00"
            }
          },
          "l": {
            "$binary": {
              "base64": "D2uaBv8oc7l4EeC5PWx5sfeyGZoas0JdFJ33M3jjgjM=",
              "subType": "00"
            }
          }
        },
        {
          "d": {
            "$binary": {
              "base64": "6f3/qlvOMjEUQCm6BpU69UperbewMIkQu/lS0s8Nkjc=",
              "subType": "00"
            }
          },
          "s": {
            "$binary": {
              "base64": "hyMEg05aH9LxaIoBeHa23jP/K3ZY/+FN/Os0LDS7Txs=",
              "subType": "00"
            }
          },
          "l": {
            "$binary": {
              "base64": "sYt/rXnpL55J9rlWSFRA4seaU6ggix7RgxbrJPu6gO4=",
              "subType": "00"
            }
          }
        },
        {
          "d": {
            "$binary": {
              "base64": "gwIRLKS/lvl3qZiNTkOWc7vT2U4UJo2gkEu3MEiqaDg=",
              "subType": "00"
            }
          },
          "s": {
            "$binary": {
              "base64": "7NQX7mrp+BLN50OJK9vQc4Xi0Q3Bb/vWtIDhpEhHKw4=",
              "subType": "00"
            }
          },
          "l": {
            "$binary": {
              "base64": "5kW6i/jOBSdoGAsZEZxVNRvt6miv86bP8JfUT+1KJg8=",
              "subType": "00"
            }
          }
        },
        {
          "d": {
            "$binary": {
              "base64": "VI+avbteAqFSRsS+8LoGvkrXDvbzQ1muuF3N9gX5gaM=",
              "subType": "00"
            }
          },
          "s": {
            "$binary": {
              "base64": "79ofl6upDOzB2EyzAAkcG3tjMxh7uLHQeuxRsw0eh+E=",
              "subType": "00"
            }
          },
          "l": {
            "$binary": {
              "base64": "KII0MMC7o6GKVfGo2qBW/p35NupBp7MI6Gp0zXYwJOc=",
              "subType": "00"
            }
          }
        },
        {
          "d": {
            "$binary": {
              "base64": "9JX2qmu+U1kro5JBk3EqEmYEyzpAIoURIH+h4i8BLSI=",
              "subType": "00"
            }
          },
          "s": {
            "$binary": {
              "base64": "PN+SYdtv6b2YCqGB+ioxPkUaWJGjNRt+U1qurqZZP64=",
              "subType": "00"
            }
          },
          "l": {
            "$binary": {
              "base64": "162IdSb079yVlS7GkuSdHU3dOw03a+NS55ZPVBxbD08=",
              "subType": "00"
            }
          }
        },
        {
          "d": {
            "$binary": {
              "base64": "axp0QEkVrH9SW09cHzob9g/GjqHfndlP6sLraIbLuqo=",
              "subType": "00"
            }
          },
          "s": {
            "$binary": {
              "base64": "7PUz94fdX+m07hvEAkDAN2rQFRrPJNGY1c196TPBzQI=",
              "subType": "00"
            }
          },
          "l": {
            "$binary": {
              "base64": "2ed4R4wYD6DT0P+N6o3gDJPE0DjljbRAv5vme3jb42s=",
              "subType": "00"
            }
          }
        },
        {
          "d": {
            "$binary": {
              "base64": "DGB5yU2XT0fse/MPWgvBvZikVxrl5pf3S5K1hceKWoo=",
              "subType": "00"
            }
          },
          "s": {
            "$binary": {
              "base64": "jFOaUscyM1pUMR8lte9F7PRIQ9YVEQEkJPqpMeyuWOg=",
              "subType": "00"
            }
          },
          "l": {
            "$binary": {
              "base64": "JbMMwJfNftA7Xom8Bw/ghuZmSa3x12vTZxBUbV8m888=",
              "subType": "00"
            }
          }
        },
        {
          "d": {
            "$binary": {
              "base64": "olj7z7umwXMlvlP4yD1RZvqAD1jw032P8wvaNmQ0M08=",
              "subType": "00"
            }
          },
          "s": {
            "$binary": {
              "base64": "Nkf5wrUmHwopvPQc3VD0vg00BsGA5PtooRTxAUvIfso=",
              "subType": "00"
            }
          },
          "l": {
            "$binary": {
              "base64": "aEQra7xyvA3JS0BasIpRVrz7ZXsp6RpH7OpfJBFzFG8=",
              "subType": "00"
            }
          }
        },
        {
          "d": {
            "$binary": {
              "base64": "jiqv6wmJFqrBlGGd6cDMPu1Mqr6M/VpovICWffDUdC4=",
              "subType": "00"
            }
          },
          "s": {
            "$binary": {
              "base64": "zWKale9zacDfk2tJrNUkYrvuljTjnRk/rMoIS/iQBYU=",
              "subType": "00"
            }
          },
          "l": {
            "$binary": {
              "base64": "N07Fo9SK+fXp5Odk1J806pyVWc2WHXCtb1gJQknTgqs=",
              "subType": "00"
            }
          }
        },
        {
          "d": {
            "$binary": {
              "base64": "hKA3UeJ3sha8MRI3/e3LAVmIGxk9hqk5TH39CMMPEt8=",
              "subType": "00"
            }
          },
          "s": {
            "$binary": {
              "base64": "O5caRM9/ghnb+v1iiAJSMEWFEURCoJ+/krcDaFXpJA8=",
              "subType": "00"
            }
          },
          "l": {
            "$binary": {
              "base64": "x+Oa2v1e1R7VomfsvcKO8VkY4eTl7LzjNQQL6Cj6GBQ=",
              "subType": "00"
            }
          }
        },
        {
          "d": {
            "$binary": {
              "base64": "IVKf0tscgagkQPFCb6X9WEHVCnawMcQMMf+f9zwXyfw=",
              "subType": "00"
            }
          },
          "s": {
            "$binary": {
              "base64": "gTuG4UWJAFvEzr8uuVB5e2DUyvuL4Hvvu+nJ9RvP3bo=",
              "subType": "00"
            }
          },
          "l": {
            "$binary": {
              "base64": "zG6xXvdYOA8Myyt5WXWt0BWkQNQQtmstxsv5gCZsd54=",
              "subType": "00"
            }
          }
        },
        {
          "d": {
            "$binary": {
              "base64": "Gj22/+aFr+8l9CLnrDZ5NhzCgz++msotwjPmSF9OM+g=",
              "subType": "00"
            }
          },
          "s": {
            "$binary": {
              "base64": "L1yonL//+MBjN0qC3AVLHvnBj5ZfjsM46k9FuRvvw48=",
              "subType": "00"
            }
          },
          "l": {
            "$binary": {
              "base64": "BhSDCzL78/uY6jz8VOCeitM7fALtBvmUHqgIqFonVYw=",
              "subType": "00"
            }
          }
        },
        {
          "d": {
            "$binary": {
              "base64": "22eQA/+Tr2LpKsA9aLiJtSQonKp3hfCK6urD4YEXttM=",
              "subType": "00"
            }
          },
          "s": {
            "$binary": {
              "base64": "dP03rg0E4wfRAUdu6SaaQOZi4JxoX9bUAFENSuB38wQ=",
              "subType": "00"
            }
          },
          "l": {
            "$binary": {
              "base64": "cDsgTilc7TneMVqO8r/+ASX300fPG2QzYds6WSAejHk=",
              "subType": "00"
            }
          }
        },
        {
          "d": {
            "$binary": {
              "base64": "JJu3lxW1WM/sEYBYrT0dELADJX0i3fOwVXTFpJVOQJg=",
              "subType": "00"
            }
          },
          "s": {
            "$binary": {
              "base64": "dqA8ucSV/T88EMQ5E/5mXC+C/DBB9ogEJGxUSV/Lg58=",
              "subType": "00"
            }
          },
          "l": {
            "$binary": {
              "base64": "9gBAm/VjmIxxyxjC3WYtk5garVKwbEaKA4ehcrTrV0A=",
              "subType": "00"
            }
          }
        },
        {
          "d": {
            "$binary": {
              "base64": "PLjGwQ+DBcHE6XSH+knrIFTqq1zCgbltUvFW7wQwib0=",
              "subType": "00"
            }
          },
          "s": {
            "$binary": {
              "base64": "5+P+U/djGYehkFiWnrRk6fHHfwmkx6i6Bw0FShZB+XQ=",
              "subType": "00"
            }
          },
          "l": {
            "$binary": {
              "base64": "hM7MF/OTjXzQWgJHPIFNrhg37ABa0su5NuLJ6J8IJoc=",
              "subType": "00"
            }
          }
        },
        {
          "d": {
            "$binary": {
              "base64": "wIOK9cW8F2lxGJ/V3NIGf2Uw6ikcnudkePjPcsNSaDM=",
              "subType": "00"
            }
          },
          "s": {
            "$binary": {
              "base64": "PgpORYCcoS+SKCMf2IC1b7sHYFG0LtmWJmTlogsl81Y=",
              "subType": "00"
            }
          },
          "l": {
            "$binary": {
              "base64": "vjiZ++YlRXaljBgRVEESlPFy9za1y7/XBgSaxLnTJu0=",
              "subType": "00"
            }
          }
        }
      ],
      "cm": 0
    },
    "payloadId": 1234,
    "firstOperator": 1,
    "sp": 1,
    "tf": 6,
    "mn": 0,
    "mx": 1234567
  }
}